### Step 2A
/c/Users/12489

### Step 2B
$ cd /c/Users/12489/Desktop


### Step 2C
$ cd /c/Users/12489/Desktop/unit1-git-practice


### Step 2D
12489@eurich MINGW64 ~/Desktop/unit1-git-practice
$ pwd
/c/Users/12489/Desktop/unit1-git-practice


### Step 2E
12489@eurich MINGW64 ~/Desktop/unit1-git-practice
$ ls

### Step 2F
my-steps.txt


### Step 2G
$ cd ~
$ cd ..


### Step 2H
$ pwd
/c/Users



### Step 2I
$ ls
 12489/  'All Users'@   Default/  'Default User'@   Public/   desktop.ini



### Step 2J
$ cd ~


### Step 2K
$ cd /c/Users/12489/Desktop/unit1-git-practice



### Step 3A
$ mkdir veggies
$ mkdir meats
$ mkdir desserts

### Step 3B
$ mv desserts sweets


### Step 3C
$ mkdir proteins


### Step 3D
$ mv meats proteins


### Step 3E
$ cd /c/Users/12489/Desktop/unit1-git-practice/veggies

$ touch carrot.txt
$ touch pea.txt

### Step 3F
$ cd /c/Users/12489/Desktop/unit1-git-practice/sweets
$ touch cookie.txt

### Step 3G
$ mv cookie.txt donut.txt


### Step 3H
$ cd ..
$ touch thing.txt


### Step 3I
$ cp thing.txt tofu.txt


### Step 3J

$ mv tofu.txt proteins

### Step 3K
$ cp thing.txt crab.txt
$ mv crab.txt proteins
$ cd /c/Users/12489/Desktop/unit1-git-practice/proteins
$ mv crab.txt meats


### Step 3L
$ cd ..
$ rm thing.txt


### Step 3M
$ cp -r veggies plants


### Step 3N
$ mkdir drinks

$ rm -r drinks



### Step 4
$ cd /c/Users/12489/Desktop/unit1-git-practice

$ git init
Initialized empty Git repository in C:/Users/12489/Desktop/unit1-git-practice/.git/
$ git add .
warning: in the working copy of 'my-steps.txt', LF will be replaced by CRLF the next time Git touches it
$ git status
On branch master

No commits yet

Changes to be committed:
  (use "git rm --cached <file>..." to unstage)
        new file:   my-steps.txt
        new file:   plants/carrot.txt
        new file:   plants/pea.txt
        new file:   proteins/meats/crab.txt
        new file:   proteins/tofu.txt
        new file:   sweets/donut.txt
        new file:   veggies/carrot.txt
        new file:   veggies/pea.txt
$ git commit -m "My first commit"
[master (root-commit) d63e612] My first commit
 8 files changed, 88 insertions(+)
 create mode 100644 my-steps.txt
 create mode 100644 plants/carrot.txt
 create mode 100644 plants/pea.txt
 create mode 100644 proteins/meats/crab.txt
 create mode 100644 proteins/tofu.txt
 create mode 100644 sweets/donut.txt
 create mode 100644 veggies/carrot.txt
 create mode 100644 veggies/pea.txt


### Step 5
$ git remote add origin https://github.com/emilyurich/deliverable_1.git
git branch -M main
git push -u origin main


### Step 6


### Step 7
*** DO NOT RECORD STEP 7 ***